............................F...F.....F.......                           [100%]
================================== FAILURES ===================================
____________________ test_start_and_submit_exam_dev_bypass ____________________
tests\test_exams.py:165: in test_start_and_submit_exam_dev_bypass
    assert r.status_code == 200
E   assert 409 == 200
E    +  where 409 = <Response [409 Conflict]>.status_code
_______________________ test_get_anonymized_submissions _______________________
tests\test_routes_anonymizer.py:78: in test_get_anonymized_submissions
    assert student.full_name not in str(submission_data)
           ^^^^^^^^^^^^^^^^^^^^^^^^^^^^^^^^^^^^^^^^^^^^^
E   TypeError: 'in <string>' requires string as left operand, not NoneType
_________________ test_start_and_submit_with_multiple_choice __________________
tests\test_routes_exam.py:93: in test_start_and_submit_with_multiple_choice
    assert r.status_code == 200
E   assert 409 == 200
E    +  where 409 = <Response [409 Conflict]>.status_code
============================== warnings summary ===============================
tests/test_auth.py::test_register_weak_password_rejected[alllowercase1-no uppercase]
tests/test_auth.py::test_register_weak_password_rejected[ALLUPPERCASE1-no lowercase]
tests/test_auth.py::test_register_weak_password_rejected[NoDigitsHere!-no digit]
  C:\dev\PlannedEducation\src\plannededucation\api\routes_auth.py:100: StarletteDeprecationWarning: 'HTTP_422_UNPROCESSABLE_ENTITY' is deprecated. Use 'HTTP_422_UNPROCESSABLE_CONTENT' instead.
    _validate_password(user.password)

-- Docs: https://docs.pytest.org/en/stable/how-to/capture-warnings.html
=========================== short test summary info ===========================
FAILED tests/test_exams.py::test_start_and_submit_exam_dev_bypass - assert 40...
FAILED tests/test_routes_anonymizer.py::test_get_anonymized_submissions - Typ...
FAILED tests/test_routes_exam.py::test_start_and_submit_with_multiple_choice
3 failed, 43 passed, 3 warnings in 28.67s
